{"status": "EXACT_BINARY_QUERY_GEOMETRY_AUDIT", "all_unrestricted_small_checks": [{"n": 1, "all_unrestricted_geometries": 1, "exact_active_orientation_words": 1}, {"n": 2, "all_unrestricted_geometries": 2, "exact_active_orientation_words": 5}, {"n": 3, "all_unrestricted_geometries": 12, "exact_active_orientation_words": 140}, {"n": 4, "all_unrestricted_geometries": 576, "exact_active_orientation_words": 117344}], "exact_contexts": 591, "boundary_checks": 128, "random_exact_binary_contexts": 350, "state_bound_checks": 861, "integer_prefix_vertex_checks": 16312, "stream_sha256": "49f7366d05b396e2b1bfcb2353f3938328b765bf84b5d05d6b14de37981f8492", "violations": 0, "seconds": 2.4267959619901376, "scope": "All-n statements require accompanying analytic proof. Binary-scan geometry minima are not M_n or all-generic minima. Local universal quarter and universal positive density are false; existential main target stays OPEN.", "receipt_sha256": "2d2719df0ec5b78e1436670f1ac273830de026a4e561f3f7f4611c53c2a9954d"}
{"n": 1, "minimum_over_all_local_geometries_and_orientations_for_binary_scan": 2, "forced_root_costs": [0], "full_subset_states": 1}
{"n": 2, "minimum_over_all_local_geometries_and_orientations_for_binary_scan": 2, "forced_root_costs": [1, 0], "full_subset_states": 4}
{"n": 3, "minimum_over_all_local_geometries_and_orientations_for_binary_scan": 4, "forced_root_costs": [3, 1, 1], "full_subset_states": 12}
{"n": 4, "minimum_over_all_local_geometries_and_orientations_for_binary_scan": 6, "forced_root_costs": [7, 3, 2, 2], "full_subset_states": 32}
{"n": 5, "minimum_over_all_local_geometries_and_orientations_for_binary_scan": 10, "forced_root_costs": [15, 7, 4, 4, 4], "full_subset_states": 80}
{"n": 6, "minimum_over_all_local_geometries_and_orientations_for_binary_scan": 16, "forced_root_costs": [31, 15, 8, 7, 7, 8], "full_subset_states": 192}
{"n": 7, "minimum_over_all_local_geometries_and_orientations_for_binary_scan": 26, "forced_root_costs": [63, 31, 16, 12, 12, 13, 14], "full_subset_states": 448}
{"n": 8, "minimum_over_all_local_geometries_and_orientations_for_binary_scan": 44, "forced_root_costs": [127, 63, 32, 21, 21, 21, 23, 24], "full_subset_states": 1024}
{"n": 9, "minimum_over_all_local_geometries_and_orientations_for_binary_scan": 72, "forced_root_costs": [255, 127, 64, 38, 35, 35, 39, 41, 42], "full_subset_states": 2304}
{"n": 10, "minimum_over_all_local_geometries_and_orientations_for_binary_scan": 118, "forced_root_costs": [511, 255, 128, 71, 58, 58, 63, 67, 69, 70], "full_subset_states": 5120}
{"n": 11, "minimum_over_all_local_geometries_and_orientations_for_binary_scan": 198, "forced_root_costs": [1023, 511, 256, 136, 98, 98, 101, 109, 113, 115, 116], "full_subset_states": 11264}
{"n": 12, "minimum_over_all_local_geometries_and_orientations_for_binary_scan": 332, "forced_root_costs": [2047, 1023, 512, 265, 171, 165, 165, 181, 189, 193, 195, 196], "full_subset_states": 24576}
{"n": 13, "minimum_over_all_local_geometries_and_orientations_for_binary_scan": 548, "forced_root_costs": [4095, 2047, 1024, 522, 309, 273, 273, 299, 315, 323, 327, 329, 330], "full_subset_states": 53248}
{"n": 14, "minimum_over_all_local_geometries_and_orientations_for_binary_scan": 912, "forced_root_costs": [8191, 4095, 2048, 1035, 576, 455, 455, 483, 515, 531, 539, 543, 545, 546], "full_subset_states": 114688}
{"n": 2, "root": 1, "R": 1, "C": 2, "active_q": 2, "C_upper": 6, "q_upper": 3, "budget_upper": 9, "query_sha256": "51570465d27530ad354e7ee1fb5deb0171a8c5c81856aed6f4cfcbf3bb6ebbd7"}
{"n": 3, "root": 1, "R": 3, "C": 4, "active_q": 3, "C_upper": 12, "q_upper": 7, "budget_upper": 19, "query_sha256": "d3cb3136f133fb0daf224d47975ae2e608f861a56f265dc99db73ec63392b036"}
{"n": 4, "root": 2, "R": 5, "C": 6, "active_q": 8, "C_upper": 28, "q_upper": 23, "budget_upper": 51, "query_sha256": "f1e51c2352f2b96e915226d1831a142bb5ecbd792c5b92a2ab968cc1e53564e8"}
{"n": 5, "root": 2, "R": 9, "C": 10, "active_q": 13, "C_upper": 56, "q_upper": 47, "budget_upper": 103, "query_sha256": "3893cf8bf4163b4fba05d535626be80926e0498c4d5c74a58b8ca81401c012c5"}
{"n": 6, "root": 2, "R": 17, "C": 18, "active_q": 19, "C_upper": 96, "q_upper": 79, "budget_upper": 175, "query_sha256": "fdf22c3c94eafa84f1ef45f2af740330ca18563cbf219798dbbfa86ac3c6edfe"}
{"n": 7, "root": 2, "R": 33, "C": 34, "active_q": 26, "C_upper": 152, "q_upper": 119, "budget_upper": 271, "query_sha256": "586886188e92c2e6a2ddc9492560da1eddd34b6c1af618a22c047c9f11cd52bd"}
{"n": 8, "root": 2, "R": 65, "C": 66, "active_q": 34, "C_upper": 232, "q_upper": 167, "budget_upper": 399, "query_sha256": "0baa96d8d5bc25d69a96a6e31cc3efd0816a3305a954b6144d3d59324fa9b33a"}
{"n": 9, "root": 3, "R": 77, "C": 78, "active_q": 114, "C_upper": 960, "q_upper": 895, "budget_upper": 1855, "query_sha256": "5d8afb5dcbc54c84e85e6df31e3016e6a447b8bc597b7aa31a29864def1b0559"}
{"n": 10, "root": 3, "R": 143, "C": 144, "active_q": 158, "C_upper": 1472, "q_upper": 1343, "budget_upper": 2815, "query_sha256": "d4b83c12544ef5a545338078153bf1bf9d89062f8ae9033d52e7499d25e6c74b"}
{"n": 11, "root": 3, "R": 273, "C": 274, "active_q": 212, "C_upper": 2176, "q_upper": 1919, "budget_upper": 4095, "query_sha256": "4006d65be4c94398609ab81c8ad530a0e3b33a176dcc6cf588bf7869d3629cbb"}
{"n": 12, "root": 3, "R": 531, "C": 532, "active_q": 277, "C_upper": 3152, "q_upper": 2639, "budget_upper": 5791, "query_sha256": "d91799a844bdd16f0b6b92be1095549cf460412746adcaafc7f7c4f623e5f12a"}
{"n": 13, "root": 3, "R": 1045, "C": 1046, "active_q": 354, "C_upper": 4544, "q_upper": 3519, "budget_upper": 8063, "query_sha256": "2ff1aaeaedabef194836bd7ade5cda74a7e2450298b0c87ffce5215bb70dda88"}
{"n": 14, "root": 3, "R": 2071, "C": 2072, "active_q": 444, "C_upper": 6624, "q_upper": 4575, "budget_upper": 11199, "query_sha256": "f48c3d17be4ab50204724ff0df3103a54eacb17d955937141d1bdbc6c64e84a9"}
{"n": 15, "root": 3, "R": 4121, "C": 4122, "active_q": 548, "C_upper": 9920, "q_upper": 5823, "budget_upper": 15743, "query_sha256": "7b9f5bedd879edb1f37386dbd9bad16b3b814414330b4e59609212b03905d38c"}
{"n": 16, "root": 4, "R": 4279, "C": 4280, "active_q": 2318, "C_upper": 47776, "q_upper": 43679, "budget_upper": 91455, "query_sha256": "4cc7cf5ff24cf3cec031085199ff5ba95c13d4b796d5bfa28152e04f742f3373"}
