{
  "state": "EXACT_GRAY_REFLECTION_GRAPH_CHECKS_PASS",
  "seed": 202610030618,
  "arithmetic": "integer",
  "small_chambers": [
    {
      "n": 1,
      "positive_chambers": 1,
      "all_signed_sweeps_checked": 2,
      "frustrated_chambers": 0,
      "off_diagonal_edge_histogram": {
        "0": 1
      },
      "cyclic_minimum": 2,
      "violations": 0
    },
    {
      "n": 2,
      "positive_chambers": 2,
      "all_signed_sweeps_checked": 8,
      "frustrated_chambers": 0,
      "off_diagonal_edge_histogram": {
        "0": 2
      },
      "cyclic_minimum": 2,
      "violations": 0
    },
    {
      "n": 3,
      "positive_chambers": 12,
      "all_signed_sweeps_checked": 96,
      "frustrated_chambers": 0,
      "off_diagonal_edge_histogram": {
        "0": 11,
        "1": 1
      },
      "cyclic_minimum": 4,
      "violations": 0
    },
    {
      "n": 4,
      "positive_chambers": 336,
      "all_signed_sweeps_checked": 5376,
      "frustrated_chambers": 0,
      "off_diagonal_edge_histogram": {
        "0": 245,
        "1": 86,
        "2": 5
      },
      "cyclic_minimum": 6,
      "violations": 0
    }
  ],
  "first_frustration": {
    "weights": [
      2,
      20,
      16,
      5,
      12
    ],
    "ordered_vertices": [
      0,
      1,
      8,
      9,
      16,
      17,
      4,
      24,
      5,
      25,
      2,
      12,
      3,
      13,
      10,
      11,
      20,
      21,
      18,
      28,
      19,
      29,
      6,
      26,
      7,
      27,
      14,
      15,
      22,
      23,
      30,
      31
    ],
    "ordered_scores": [
      0,
      2,
      5,
      7,
      12,
      14,
      16,
      17,
      18,
      19,
      20,
      21,
      22,
      23,
      25,
      27,
      28,
      30,
      32,
      33,
      34,
      35,
      36,
      37,
      38,
      39,
      41,
      43,
      48,
      50,
      53,
      55
    ],
    "graph": {
      "labels": [
        0,
        3,
        0,
        4,
        0,
        4,
        4,
        4,
        4,
        4,
        3,
        3,
        3,
        2,
        0,
        4,
        0,
        2,
        3,
        3,
        3,
        4,
        4,
        4,
        4,
        4,
        0,
        4,
        0,
        3,
        0,
        4
      ],
      "signs": [
        1,
        1,
        1,
        1,
        1,
        -1,
        1,
        -1,
        1,
        -1,
        1,
        -1,
        1,
        1,
        -1,
        1,
        1,
        -1,
        -1,
        1,
        -1,
        -1,
        1,
        -1,
        1,
        -1,
        -1,
        1,
        -1,
        -1,
        -1,
        -1
      ],
      "edges": [
        [
          0,
          2,
          -2
        ],
        [
          0,
          3,
          4
        ],
        [
          2,
          3,
          2
        ]
      ],
      "diagonal": [
        [
          3,
          -4
        ],
        [
          4,
          -8
        ]
      ],
      "D": 12,
      "W": 8
    },
    "weighted_frustration": 2,
    "max_off_diagonal_energy": 4,
    "independent_edge_relaxation": 18,
    "true_orbit_minimum": 20,
    "all_reflections": 32,
    "cyclic_histogram": {
      "20": 16,
      "22": 8,
      "26": 8
    },
    "minimal_obstruction_dimension": 5,
    "violations": 0
  },
  "all_dimensional_counterexample_row_lifts": [
    {
      "n": 5,
      "row_factor": 1,
      "weighted_frustration": 2,
      "independent_edge_relaxation": 18,
      "true_orbit_minimum": 20,
      "gap": 2,
      "explicit_reflections_checked": 32,
      "violations": 0
    },
    {
      "n": 6,
      "row_factor": 2,
      "weighted_frustration": 4,
      "independent_edge_relaxation": 36,
      "true_orbit_minimum": 40,
      "gap": 4,
      "explicit_reflections_checked": 32,
      "violations": 0
    },
    {
      "n": 7,
      "row_factor": 4,
      "weighted_frustration": 8,
      "independent_edge_relaxation": 72,
      "true_orbit_minimum": 80,
      "gap": 8,
      "explicit_reflections_checked": 32,
      "violations": 0
    },
    {
      "n": 8,
      "row_factor": 8,
      "weighted_frustration": 16,
      "independent_edge_relaxation": 144,
      "true_orbit_minimum": 160,
      "gap": 16,
      "explicit_reflections_checked": 32,
      "violations": 0
    },
    {
      "n": 9,
      "row_factor": 16,
      "weighted_frustration": 32,
      "independent_edge_relaxation": 288,
      "true_orbit_minimum": 320,
      "gap": 32,
      "explicit_reflections_checked": 32,
      "violations": 0
    },
    {
      "n": 10,
      "row_factor": 32,
      "weighted_frustration": 64,
      "independent_edge_relaxation": 576,
      "true_orbit_minimum": 640,
      "gap": 64,
      "explicit_reflections_checked": 32,
      "violations": 0
    },
    {
      "n": 11,
      "row_factor": 64,
      "weighted_frustration": 128,
      "independent_edge_relaxation": 1152,
      "true_orbit_minimum": 1280,
      "gap": 128,
      "explicit_reflections_checked": 32,
      "violations": 0
    },
    {
      "n": 12,
      "row_factor": 128,
      "weighted_frustration": 256,
      "independent_edge_relaxation": 2304,
      "true_orbit_minimum": 2560,
      "gap": 256,
      "explicit_reflections_checked": 32,
      "violations": 0
    },
    {
      "n": 13,
      "row_factor": 256,
      "weighted_frustration": 512,
      "independent_edge_relaxation": 4608,
      "true_orbit_minimum": 5120,
      "gap": 512,
      "explicit_reflections_checked": 32,
      "violations": 0
    },
    {
      "n": 14,
      "row_factor": 512,
      "weighted_frustration": 1024,
      "independent_edge_relaxation": 9216,
      "true_orbit_minimum": 10240,
      "gap": 1024,
      "explicit_reflections_checked": 32,
      "violations": 0
    }
  ],
  "generic_integer_pressure": [
    {
      "n": 5,
      "positive_weight_samples": 16,
      "reflections_checked": 512,
      "frustrated_samples": 0,
      "coverage": "all reflections of sampled magnitudes",
      "violations": 0
    },
    {
      "n": 6,
      "positive_weight_samples": 16,
      "reflections_checked": 1024,
      "frustrated_samples": 1,
      "coverage": "all reflections of sampled magnitudes",
      "violations": 0
    },
    {
      "n": 7,
      "positive_weight_samples": 16,
      "reflections_checked": 2048,
      "frustrated_samples": 6,
      "coverage": "all reflections of sampled magnitudes",
      "violations": 0
    },
    {
      "n": 8,
      "positive_weight_samples": 16,
      "reflections_checked": 4096,
      "frustrated_samples": 3,
      "coverage": "all reflections of sampled magnitudes",
      "violations": 0
    },
    {
      "n": 9,
      "positive_weight_samples": 16,
      "reflections_checked": 8192,
      "frustrated_samples": 10,
      "coverage": "all reflections of sampled magnitudes",
      "violations": 0
    },
    {
      "n": 10,
      "positive_weight_samples": 8,
      "reflections_checked": 128,
      "frustrated_samples": 4,
      "coverage": "16 sampled reflections per vector",
      "violations": 0
    },
    {
      "n": 11,
      "positive_weight_samples": 8,
      "reflections_checked": 128,
      "frustrated_samples": 7,
      "coverage": "16 sampled reflections per vector",
      "violations": 0
    },
    {
      "n": 12,
      "positive_weight_samples": 8,
      "reflections_checked": 128,
      "frustrated_samples": 8,
      "coverage": "16 sampled reflections per vector",
      "violations": 0
    }
  ],
  "central_symmetry_only_counterexamples": [
    {
      "n": 2,
      "cyclic_runs": 2,
      "linear_runs": 2,
      "additive_impossibility_certified": false
    },
    {
      "n": 3,
      "cyclic_runs": 2,
      "linear_runs": 2,
      "additive_impossibility_certified": true
    },
    {
      "n": 4,
      "cyclic_runs": 2,
      "linear_runs": 2,
      "additive_impossibility_certified": true
    },
    {
      "n": 5,
      "cyclic_runs": 2,
      "linear_runs": 2,
      "additive_impossibility_certified": true
    },
    {
      "n": 6,
      "cyclic_runs": 2,
      "linear_runs": 2,
      "additive_impossibility_certified": true
    },
    {
      "n": 7,
      "cyclic_runs": 2,
      "linear_runs": 2,
      "additive_impossibility_certified": true
    },
    {
      "n": 8,
      "cyclic_runs": 2,
      "linear_runs": 2,
      "additive_impossibility_certified": true
    },
    {
      "n": 9,
      "cyclic_runs": 2,
      "linear_runs": 2,
      "additive_impossibility_certified": true
    },
    {
      "n": 10,
      "cyclic_runs": 2,
      "linear_runs": 2,
      "additive_impossibility_certified": true
    },
    {
      "n": 11,
      "cyclic_runs": 2,
      "linear_runs": 2,
      "additive_impossibility_certified": true
    },
    {
      "n": 12,
      "cyclic_runs": 2,
      "linear_runs": 2,
      "additive_impossibility_certified": true
    }
  ],
  "literature_count_dependency": {
    "paper": "Maclagan, Boolean Term Orders and the Root System B_n",
    "section": "4",
    "source": "https://arxiv.org/pdf/math/9809134",
    "region_counts_n1_to_n4": [
      2,
      8,
      96,
      5376
    ]
  },
  "scope": "Exact sign-orbit formula, minimal frustrated chamber, growing relaxation gap; no positive-density proof.",
  "violations": 0,
  "digest": "29af466e6be34d30eb33ccaca08a11cc63cbf470126ead783a64b5c06ff72b46",
  "script_sha256": "809a345c7c51e23266ff0e369148aa6964b693185c34e81c5479583e01f8794d",
  "elapsed_seconds": 3.236
}
