{
  "state": "SPECIFIED_TRANSLATED_FAMILY_EXACT_CHECKS_PASS",
  "parent_magnitudes": [
    1,
    14,
    4,
    12,
    20
  ],
  "positive_parent_score_differences": [
    1,
    2,
    3,
    4,
    5,
    6,
    7,
    8,
    9,
    10,
    11,
    12,
    13,
    14,
    15,
    16,
    17,
    18,
    19,
    20,
    21,
    22,
    23,
    24,
    25,
    26,
    27,
    28,
    29,
    30,
    31,
    32,
    33,
    34,
    35,
    36,
    37,
    38,
    39,
    41,
    42,
    43,
    45,
    46,
    47,
    49,
    50,
    51
  ],
  "positive_translation_intervals": 49,
  "doubled_integer_translation_probes": [
    1,
    3,
    5,
    7,
    9,
    11,
    13,
    15,
    17,
    19,
    21,
    23,
    25,
    27,
    29,
    31,
    33,
    35,
    37,
    39,
    41,
    43,
    45,
    47,
    49,
    51,
    53,
    55,
    57,
    59,
    61,
    63,
    65,
    67,
    69,
    71,
    73,
    75,
    77,
    80,
    83,
    85,
    88,
    91,
    93,
    96,
    99,
    101,
    104
  ],
  "all_coordinate_assignments_per_probe": 720,
  "generic_integer_vectors_evaluated": 35280,
  "distinct_positive_q6_chambers": 34560,
  "sign_orbit_optimization": "exact graph formula; 16 spin states per chamber",
  "signed_sweep_orbits_covered": 2211840,
  "max_net_energy": 24,
  "max_net_energy_integer_witness": [
    2,
    28,
    8,
    24,
    40,
    104
  ],
  "max_independent_edge_surplus": 24,
  "min_cyclic_count_within_specified_family": 20,
  "sorted_chamber_digest": "305eeadc0d108ed5516a53e820e1be8f635b7996a48bb5cc97d9cd9584584022",
  "elapsed_seconds": 2.353,
  "scope": "All positive t at fixed five magnitudes, all six coordinate assignments and signs; not all Q6 or all parent-cone magnitudes.",
  "violations": 0
}
