{"n": 5, "tag": "cardinality_numeric_tail", "exact_R": 16, "quarter_plus_one": 9, "D_K_phi": [6, 7, 2], "weights": [26, 28, 25, 22, 30], "elapsed": 0.064}
{"n": 6, "tag": "cardinality_numeric_tail", "exact_R": 27, "quarter_plus_one": 17, "D_K_phi": [8, 12, 6], "weights": [48, 50, 47, 44, 52, 66], "elapsed": 0.078}
{"n": 7, "tag": "cardinality_numeric_tail", "exact_R": 53, "quarter_plus_one": 33, "D_K_phi": [12, 24, 16], "weights": [92, 94, 91, 88, 96, 110, 132], "elapsed": 0.222}
{"n": 8, "tag": "cardinality_numeric_tail", "exact_R": 107, "quarter_plus_one": 65, "D_K_phi": [20, 48, 38], "weights": [180, 182, 179, 176, 184, 198, 220, 264], "elapsed": 0.225}
{"n": 9, "tag": "cardinality_numeric_tail", "exact_R": 213, "quarter_plus_one": 129, "D_K_phi": [36, 96, 80], "weights": [268, 270, 267, 264, 272, 280, 292, 330, 396], "elapsed": 0.372}
{"n": 10, "tag": "cardinality_numeric_tail", "exact_R": 423, "quarter_plus_one": 257, "D_K_phi": [68, 192, 162], "weights": [532, 534, 531, 528, 536, 544, 556, 594, 660, 792], "elapsed": 0.383}
{"n": 8, "tag": "cardinality_numeric_tail", "exact_R": 104, "quarter_plus_one": 65, "D_K_phi": [24, 46, 33], "weights": [680, 678, 677, 674, 682, 698, 604, 742], "elapsed": 0.549}
{"n": 9, "tag": "cardinality_numeric_tail", "exact_R": 207, "quarter_plus_one": 129, "D_K_phi": [44, 94, 68], "weights": [1284, 1282, 1281, 1278, 1286, 1302, 1208, 1346, 1812], "elapsed": 0.553}
{"n": 10, "tag": "cardinality_numeric_tail", "exact_R": 412, "quarter_plus_one": 257, "D_K_phi": [84, 188, 139], "weights": [2492, 2490, 2489, 2486, 2494, 2510, 2416, 2554, 3020, 3624], "elapsed": 0.564}
{"n": 11, "tag": "cardinality_numeric_tail", "exact_R": 821, "quarter_plus_one": 513, "D_K_phi": [164, 376, 280], "weights": [4908, 4906, 4905, 4902, 4910, 4926, 4832, 4970, 5436, 6040, 7248], "elapsed": 0.589}
{"n": 9, "tag": "cardinality_numeric_tail", "exact_R": 205, "quarter_plus_one": 129, "D_K_phi": [42, 92, 70], "weights": [968, 966, 965, 962, 970, 986, 892, 1030, 860], "elapsed": 0.596}
{"n": 12, "tag": "cardinality_numeric_tail", "exact_R": 1639, "quarter_plus_one": 1025, "D_K_phi": [324, 736, 578], "weights": [6988, 6986, 6985, 6982, 6990, 7006, 6912, 7050, 6880, 7740, 8600, 10320], "elapsed": 0.699}
{"n": 4, "tag": "every_three_coordinate_fast_face", "exact_R": 6, "quarter_plus_one": 5, "D_K_phi": [0, 4, 1], "weights": [1, 2, 4, 8], "elapsed": 0.699}
{"n": 4, "tag": "every_three_coordinate_fast_face", "exact_R": 5, "quarter_plus_one": 5, "D_K_phi": [0, 4, 0], "weights": [1, 2, 8, 4], "elapsed": 0.7}
{"n": 5, "tag": "every_three_coordinate_fast_face", "exact_R": 11, "quarter_plus_one": 9, "D_K_phi": [0, 8, 2], "weights": [1, 2, 4, 8, 16], "elapsed": 0.702}
{"n": 5, "tag": "every_three_coordinate_fast_face", "exact_R": 10, "quarter_plus_one": 9, "D_K_phi": [0, 8, 1], "weights": [1, 2, 8, 4, 16], "elapsed": 0.703}
{"n": 5, "tag": "every_three_coordinate_fast_face", "exact_R": 9, "quarter_plus_one": 9, "D_K_phi": [0, 8, 0], "weights": [1, 2, 8, 16, 4], "elapsed": 0.704}
{"n": 6, "tag": "every_three_coordinate_fast_face", "exact_R": 22, "quarter_plus_one": 17, "D_K_phi": [0, 16, 5], "weights": [1, 2, 4, 8, 16, 32], "elapsed": 0.725}
{"n": 6, "tag": "every_three_coordinate_fast_face", "exact_R": 19, "quarter_plus_one": 17, "D_K_phi": [0, 16, 2], "weights": [1, 2, 8, 4, 16, 32], "elapsed": 0.737}
{"n": 6, "tag": "every_three_coordinate_fast_face", "exact_R": 18, "quarter_plus_one": 17, "D_K_phi": [0, 16, 1], "weights": [1, 2, 8, 16, 4, 32], "elapsed": 0.745}
{"n": 6, "tag": "every_three_coordinate_fast_face", "exact_R": 17, "quarter_plus_one": 17, "D_K_phi": [0, 16, 0], "weights": [1, 2, 8, 16, 32, 4], "elapsed": 0.753}
{"n": 7, "tag": "every_three_coordinate_fast_face", "exact_R": 43, "quarter_plus_one": 33, "D_K_phi": [0, 32, 10], "weights": [1, 2, 4, 8, 16, 32, 64], "elapsed": 0.957}
{"n": 7, "tag": "every_three_coordinate_fast_face", "exact_R": 38, "quarter_plus_one": 33, "D_K_phi": [0, 32, 5], "weights": [1, 2, 8, 4, 16, 32, 64], "elapsed": 1.059}
{"n": 7, "tag": "every_three_coordinate_fast_face", "exact_R": 35, "quarter_plus_one": 33, "D_K_phi": [0, 32, 2], "weights": [1, 2, 8, 16, 4, 32, 64], "elapsed": 1.139}
{"n": 7, "tag": "every_three_coordinate_fast_face", "exact_R": 34, "quarter_plus_one": 33, "D_K_phi": [0, 32, 1], "weights": [1, 2, 8, 16, 32, 4, 64], "elapsed": 1.209}
{"n": 7, "tag": "every_three_coordinate_fast_face", "exact_R": 33, "quarter_plus_one": 33, "D_K_phi": [0, 32, 0], "weights": [1, 2, 8, 16, 32, 64, 4], "elapsed": 1.278}
{"n": 8, "tag": "every_three_coordinate_fast_face", "exact_R": 86, "quarter_plus_one": 65, "D_K_phi": [0, 64, 21], "weights": [1, 2, 4, 8, 16, 32, 64, 128], "elapsed": 2.449}
{"n": 8, "tag": "every_three_coordinate_fast_face", "exact_R": 75, "quarter_plus_one": 65, "D_K_phi": [0, 64, 10], "weights": [1, 2, 8, 4, 16, 32, 64, 128], "elapsed": 2.451}
{"n": 8, "tag": "every_three_coordinate_fast_face", "exact_R": 70, "quarter_plus_one": 65, "D_K_phi": [0, 64, 5], "weights": [1, 2, 8, 16, 4, 32, 64, 128], "elapsed": 2.453}
{"n": 8, "tag": "every_three_coordinate_fast_face", "exact_R": 67, "quarter_plus_one": 65, "D_K_phi": [0, 64, 2], "weights": [1, 2, 8, 16, 32, 4, 64, 128], "elapsed": 2.455}
{"n": 8, "tag": "every_three_coordinate_fast_face", "exact_R": 66, "quarter_plus_one": 65, "D_K_phi": [0, 64, 1], "weights": [1, 2, 8, 16, 32, 64, 4, 128], "elapsed": 2.456}
{"n": 8, "tag": "every_three_coordinate_fast_face", "exact_R": 65, "quarter_plus_one": 65, "D_K_phi": [0, 64, 0], "weights": [1, 2, 8, 16, 32, 64, 128, 4], "elapsed": 2.458}
{"n": 9, "tag": "every_three_coordinate_fast_face", "exact_R": 171, "quarter_plus_one": 129, "D_K_phi": [0, 128, 42], "weights": [1, 2, 4, 8, 16, 32, 64, 128, 256], "elapsed": 2.54}
{"n": 9, "tag": "every_three_coordinate_fast_face", "exact_R": 150, "quarter_plus_one": 129, "D_K_phi": [0, 128, 21], "weights": [1, 2, 8, 4, 16, 32, 64, 128, 256], "elapsed": 2.544}
{"n": 9, "tag": "every_three_coordinate_fast_face", "exact_R": 139, "quarter_plus_one": 129, "D_K_phi": [0, 128, 10], "weights": [1, 2, 8, 16, 4, 32, 64, 128, 256], "elapsed": 2.548}
{"n": 9, "tag": "every_three_coordinate_fast_face", "exact_R": 134, "quarter_plus_one": 129, "D_K_phi": [0, 128, 5], "weights": [1, 2, 8, 16, 32, 4, 64, 128, 256], "elapsed": 2.552}
{"n": 9, "tag": "every_three_coordinate_fast_face", "exact_R": 131, "quarter_plus_one": 129, "D_K_phi": [0, 128, 2], "weights": [1, 2, 8, 16, 32, 64, 4, 128, 256], "elapsed": 2.556}
{"n": 9, "tag": "every_three_coordinate_fast_face", "exact_R": 130, "quarter_plus_one": 129, "D_K_phi": [0, 128, 1], "weights": [1, 2, 8, 16, 32, 64, 128, 4, 256], "elapsed": 2.564}
{"n": 9, "tag": "every_three_coordinate_fast_face", "exact_R": 129, "quarter_plus_one": 129, "D_K_phi": [0, 128, 0], "weights": [1, 2, 8, 16, 32, 64, 128, 256, 4], "elapsed": 2.568}
{"state": "EXACT_ANCESTOR_OPTIMIZER_VERIFIED_AND_STRUCTURED_PRESSURE_COMPLETE", "genuine_scans_checked": 322, "optimizer_violations": 0, "verification_digest": "99ba8cf16c731dbc9f6c0ed704ae2e3939cc801cc797b06a6c941000424430e7", "elapsed_seconds": 4.247}
{"quarter_counterexamples": 0, "best_by_dimension": {"5": 9, "6": 17, "7": 33, "8": 65, "9": 129, "10": 412, "11": 821, "12": 1639, "4": 5}}
