{"completed_scans": 1, "current_n": 6, "current_status": "unsigned_K5_excluded_by_width_upper_certificate", "states": null, "status_counts": {"unsigned_K5_excluded_by_width_upper_certificate": 1}, "elapsed": 0.02536853199126199}
{"completed_scans": 17, "current_n": 6, "current_status": "unsigned_K5_excluded_by_width_upper_certificate", "states": null, "status_counts": {"unsigned_K5_excluded_by_width_upper_certificate": 17}, "elapsed": 0.026832915988052264}
{"completed_scans": 33, "current_n": 6, "current_status": "unsigned_K5_excluded_by_width_upper_certificate", "states": null, "status_counts": {"unsigned_K5_excluded_by_width_upper_certificate": 33}, "elapsed": 0.028077070994186215}
{"completed_scans": 49, "current_n": 6, "current_status": "unsigned_K5_excluded_by_width_upper_certificate", "states": null, "status_counts": {"unsigned_K5_excluded_by_width_upper_certificate": 49}, "elapsed": 0.029139575999579392}
{"completed_scans": 65, "current_n": 6, "current_status": "unsigned_K5_excluded_by_width_upper_certificate", "states": null, "status_counts": {"unsigned_K5_excluded_by_width_upper_certificate": 65}, "elapsed": 0.030403700991882943}
{"completed_scans": 81, "current_n": 7, "current_status": "unsigned_K5_excluded_by_width_upper_certificate", "states": null, "status_counts": {"unsigned_K5_excluded_by_width_upper_certificate": 81}, "elapsed": 0.03274823298852425}
{"completed_scans": 97, "current_n": 7, "current_status": "unsigned_K5_excluded_by_width_upper_certificate", "states": null, "status_counts": {"unsigned_K5_excluded_by_width_upper_certificate": 97}, "elapsed": 0.035293812994495966}
{"completed_scans": 113, "current_n": 7, "current_status": "unsigned_K5_excluded_by_width_upper_certificate", "states": null, "status_counts": {"unsigned_K5_excluded_by_width_upper_certificate": 113}, "elapsed": 0.037389135992270894}
{"completed_scans": 123, "current_n": 7, "current_status": "searched_no_witness", "states": 4, "status_counts": {"unsigned_K5_excluded_by_width_upper_certificate": 122, "searched_no_witness": 1}, "elapsed": 0.039309191997745074}
{"completed_scans": 129, "current_n": 7, "current_status": "unsigned_K5_excluded_by_width_upper_certificate", "states": null, "status_counts": {"unsigned_K5_excluded_by_width_upper_certificate": 128, "searched_no_witness": 1}, "elapsed": 0.04019315500045195}
{"completed_scans": 145, "current_n": 8, "current_status": "unsigned_K5_excluded_by_width_upper_certificate", "states": null, "status_counts": {"unsigned_K5_excluded_by_width_upper_certificate": 144, "searched_no_witness": 1}, "elapsed": 0.044321219000266865}
{"completed_scans": 161, "current_n": 8, "current_status": "unsigned_K5_excluded_by_width_upper_certificate", "states": null, "status_counts": {"unsigned_K5_excluded_by_width_upper_certificate": 160, "searched_no_witness": 1}, "elapsed": 0.05354028499277774}
{"completed_scans": 177, "current_n": 8, "current_status": "unsigned_K5_excluded_by_width_upper_certificate", "states": null, "status_counts": {"unsigned_K5_excluded_by_width_upper_certificate": 176, "searched_no_witness": 1}, "elapsed": 0.05750914198870305}
{"completed_scans": 193, "current_n": 8, "current_status": "unsigned_K5_excluded_by_width_upper_certificate", "states": null, "status_counts": {"unsigned_K5_excluded_by_width_upper_certificate": 192, "searched_no_witness": 1}, "elapsed": 0.061826188990380615}
{"completed_scans": 209, "current_n": 9, "current_status": "unsigned_K5_excluded_by_width_upper_certificate", "states": null, "status_counts": {"unsigned_K5_excluded_by_width_upper_certificate": 208, "searched_no_witness": 1}, "elapsed": 0.06926787899283227}
{"completed_scans": 225, "current_n": 9, "current_status": "searched_no_witness", "states": 1104, "status_counts": {"unsigned_K5_excluded_by_width_upper_certificate": 223, "searched_no_witness": 2}, "elapsed": 0.2733243219990982}
{"completed_scans": 241, "current_n": 9, "current_status": "unsigned_K5_excluded_by_width_upper_certificate", "states": null, "status_counts": {"unsigned_K5_excluded_by_width_upper_certificate": 239, "searched_no_witness": 2}, "elapsed": 0.2813458609889494}
{"completed_scans": 247, "current_n": 9, "current_status": "searched_no_witness", "states": 4, "status_counts": {"unsigned_K5_excluded_by_width_upper_certificate": 244, "searched_no_witness": 3}, "elapsed": 0.28450242699182127}
{"completed_scans": 255, "current_n": 9, "current_status": "searched_no_witness", "states": 168, "status_counts": {"unsigned_K5_excluded_by_width_upper_certificate": 251, "searched_no_witness": 4}, "elapsed": 0.3132257349934662}
{"completed_scans": 257, "current_n": 9, "current_status": "unsigned_K5_excluded_by_width_upper_certificate", "states": null, "status_counts": {"unsigned_K5_excluded_by_width_upper_certificate": 253, "searched_no_witness": 4}, "elapsed": 0.3145854829926975}
{"completed_scans": 273, "current_n": 10, "current_status": "unsigned_K5_excluded_by_width_upper_certificate", "states": null, "status_counts": {"unsigned_K5_excluded_by_width_upper_certificate": 269, "searched_no_witness": 4}, "elapsed": 0.33087328099645674}
{"completed_scans": 280, "current_n": 10, "current_status": "bounded_no_witness", "states": 20000, "status_counts": {"unsigned_K5_excluded_by_width_upper_certificate": 275, "searched_no_witness": 4, "bounded_no_witness": 1}, "elapsed": 4.378006357990671}
{"completed_scans": 284, "current_n": 10, "current_status": "bounded_no_witness", "states": 20000, "status_counts": {"unsigned_K5_excluded_by_width_upper_certificate": 278, "searched_no_witness": 4, "bounded_no_witness": 2}, "elapsed": 6.958363288998953}
{"completed_scans": 286, "current_n": 10, "current_status": "searched_no_witness", "states": 7, "status_counts": {"unsigned_K5_excluded_by_width_upper_certificate": 279, "searched_no_witness": 5, "bounded_no_witness": 2}, "elapsed": 6.961119000989129}
{"completed_scans": 289, "current_n": 10, "current_status": "unsigned_K5_excluded_by_width_upper_certificate", "states": null, "status_counts": {"unsigned_K5_excluded_by_width_upper_certificate": 282, "searched_no_witness": 5, "bounded_no_witness": 2}, "elapsed": 6.964175144996261}
{"completed_scans": 293, "current_n": 10, "current_status": "searched_no_witness", "states": 247, "status_counts": {"unsigned_K5_excluded_by_width_upper_certificate": 285, "searched_no_witness": 6, "bounded_no_witness": 2}, "elapsed": 7.007983627991052}
{"completed_scans": 295, "current_n": 10, "current_status": "bounded_no_witness", "states": 20000, "status_counts": {"unsigned_K5_excluded_by_width_upper_certificate": 286, "searched_no_witness": 6, "bounded_no_witness": 3}, "elapsed": 10.64600233999954}
{"completed_scans": 298, "current_n": 10, "current_status": "searched_no_witness", "states": 1574, "status_counts": {"unsigned_K5_excluded_by_width_upper_certificate": 288, "searched_no_witness": 7, "bounded_no_witness": 3}, "elapsed": 10.945763247989817}
{"completed_scans": 299, "current_n": 10, "current_status": "bounded_no_witness", "states": 20000, "status_counts": {"unsigned_K5_excluded_by_width_upper_certificate": 288, "searched_no_witness": 7, "bounded_no_witness": 4}, "elapsed": 13.759567410001182}
{"completed_scans": 303, "current_n": 10, "current_status": "explicit_signed_odd_K5", "states": 421, "status_counts": {"unsigned_K5_excluded_by_width_upper_certificate": 291, "searched_no_witness": 7, "bounded_no_witness": 4, "explicit_signed_odd_K5": 1}, "elapsed": 13.829549735994078}
{"status": "BOUNDED_SIGNED_MINOR_PRESSURE", "reused_source_digest": "fc17acbce8c546ba1c6b3125b4a70d7bb5c2c7fa9943589e3b912881d12dfb21", "counts": {"unsigned_K5_excluded_by_width_upper_certificate": 291, "searched_no_witness": 7, "bounded_no_witness": 4, "explicit_signed_odd_K5": 1}, "seconds": 13.829598735988839, "audit_sha256": "5a1465ee46bf9533339dd043c3ac0e67a05d594788ed9bf582ffa97a00deebeb"}
