
kpathsea: Running mktextfm pzdr
/usr/share/texlive/texmf-dist/web2c/mktexnam: Could not map source abbreviation  for pzdr.
/usr/share/texlive/texmf-dist/web2c/mktexnam: Need to update ?
mktextfm: Running mf-nowin -progname=mf \mode:=prepare; mag:=1; ; nonstopmode; input pzdr
This is METAFONT, Version 2.71828182 (TeX Live 2022/dev/Debian) (preloaded base=mf)

kpathsea: Running mktexmf pzdr

! I can't find file `pzdr'.
<*> ...=prepare; mag:=1; ; nonstopmode; input pzdr
                                                  
Please type another input file name
! Emergency stop.
<*> ...=prepare; mag:=1; ; nonstopmode; input pzdr
                                                  
Transcript written on mfput.log.
grep: pzdr.log: No such file or directory
mktextfm: `mf-nowin -progname=mf \mode:=prepare; mag:=1; ; nonstopmode; input pzdr' failed to make pzdr.tfm.
kpathsea: Appending font creation commands to missfont.log.

kpathsea: Running mktextfm pzdr
/usr/share/texlive/texmf-dist/web2c/mktexnam: Could not map source abbreviation  for pzdr.
/usr/share/texlive/texmf-dist/web2c/mktexnam: Need to update ?
mktextfm: Running mf-nowin -progname=mf \mode:=prepare; mag:=1; ; nonstopmode; input pzdr
This is METAFONT, Version 2.71828182 (TeX Live 2022/dev/Debian) (preloaded base=mf)

kpathsea: Running mktexmf pzdr

! I can't find file `pzdr'.
<*> ...=prepare; mag:=1; ; nonstopmode; input pzdr
                                                  
Please type another input file name
! Emergency stop.
<*> ...=prepare; mag:=1; ; nonstopmode; input pzdr
                                                  
Transcript written on mfput.log.
grep: pzdr.log: No such file or directory
mktextfm: `mf-nowin -progname=mf \mode:=prepare; mag:=1; ; nonstopmode; input pzdr' failed to make pzdr.tfm.
kpathsea: Appending font creation commands to missfont.log.
Error producing PDF.
! Font \XeTeXLink@font=pzdr at 0.00002pt not loadable: Metric (TFM) file or ins
talled font not found.
<to be read again> 
                   \relax 
l.4890   \font\XeTeXLink@font=pzdr at 1sp\relax

